// Jest Snapshot v1, https://goo.gl/fbAQLP

exports[`<ItemModal /> Render successfully 1`] = `null`;
