// Jest Snapshot v1, https://goo.gl/fbAQLP

exports[`<ItemStatus /> Render successfully 1`] = `
<View
  accessibilityLabel="Status Label"
  style={
    Object {
      "alignItems": "center",
      "flex": 1,
      "justifyContent": "center",
    }
  }
>
  <Text />
</View>
`;
